error:
warning: in the working copy of 'redis_get_started.py',
LF will be replaced by CRLF the next time Git touches it
fix:
git config --global core.autocrlf false (true)
